#-----------------------------------------------------------
# Vivado v2023.1 (64-bit)
# SW Build 3865809 on Sun May  7 15:04:56 MDT 2023
# IP Build 3864474 on Sun May  7 20:36:21 MDT 2023
# SharedData Build 3865790 on Sun May 07 13:33:03 MDT 2023
# Start of session at: Sat Aug 31 10:24:12 2024
# Process ID: 559128
# Current directory: /home/epsilon/work/boxlambda/gw/dfx/dfx_controller/managed_ip_project/managed_ip_project.runs/dfx_controller_0_synth_1
# Command line: vivado -log dfx_controller_0.vds -product Vivado -mode batch -messageDb vivado.pb -notrace -source dfx_controller_0.tcl
# Log file: /home/epsilon/work/boxlambda/gw/dfx/dfx_controller/managed_ip_project/managed_ip_project.runs/dfx_controller_0_synth_1/dfx_controller_0.vds
# Journal file: /home/epsilon/work/boxlambda/gw/dfx/dfx_controller/managed_ip_project/managed_ip_project.runs/dfx_controller_0_synth_1/vivado.jou
# Running On: asustuf, OS: Linux, CPU Frequency: 3401.354 MHz, CPU Physical cores: 6, Host memory: 16615 MB
#-----------------------------------------------------------
source dfx_controller_0.tcl -notrace
