#-----------------------------------------------------------
# Vivado v2023.1 (64-bit)
# SW Build 3865809 on Sun May  7 15:04:56 MDT 2023
# IP Build 3864474 on Sun May  7 20:36:21 MDT 2023
# SharedData Build 3865790 on Sun May 07 13:33:03 MDT 2023
# Start of session at: Fri Sep 13 16:01:56 2024
# Process ID: 3094203
# Current directory: /home/epsilon/work/boxlambda/gw/dfx
# Command line: vivado -mode gui
# Log file: /home/epsilon/work/boxlambda/gw/dfx/vivado.log
# Journal file: /home/epsilon/work/boxlambda/gw/dfx/vivado.jou
# Running On: asustuf, OS: Linux, CPU Frequency: 3801.989 MHz, CPU Physical cores: 6, Host memory: 16615 MB
#-----------------------------------------------------------
start_gui
set part "xc7a100ticsg324-1L"
set inst boxlambda_soc_inst/rm0_inst
create_project -in_memory -part $part
source [get_property REPOSITORY [get_ipdefs *dfx_controller:1.0]]/xilinx/dfx_controller_v1_0/tcl/api.tcl
dfx_controller_v1_0::format_bin_for_icap -bs 1 -i ./Bitstreams/Config_rm0_j1b_pblock_rm0_inst_partial.bin
dfx_controller_v1_0::format_bin_for_icap -bs 0 -i ./Bitstreams/Config_rm0_stub_pblock_rm0_inst_partial.bin
close_project
create_project -in_memory -part $part
source [get_property REPOSITORY [get_ipdefs *dfx_controller:1.0]]/xilinx/dfx_controller_v1_0/tcl/api.tcl
dfx_controller_v1_0::format_bin_for_icap -bs 1 -i ./Bitstreams/Config_rm0_j1b_pblock_rm0_inst_partial.bin
dfx_controller_v1_0::format_bin_for_icap -bs 1 -i ./Bitstreams/Config_rm0_stub_pblock_rm0_inst_partial.bin
close_project
