bpp: 2 
Tileset: $12040000 base, 320 width, 32 height, 2 bpp, 1 tiles
paloffset: 0 
pxl[0,0] capture: 00000FFF 
palette[1] rgb: 00000FFF 
paloffset: 1 
pxl[0,0] capture: 00000111 
palette[17] rgb: 00000111 
paloffset: 4 
pxl[0,0] capture: 00000CC9 
palette[65] rgb: 00000CC9 
bpp: 4 
Tileset: $12040000 base, 320 width, 32 height, 4 bpp, 1 tiles
paloffset: 0 
pxl[0,0] capture: 00000FFF 
palette[1] rgb: 00000FFF 
paloffset: 1 
pxl[0,0] capture: 00000111 
palette[17] rgb: 00000111 
paloffset: 4 
pxl[0,0] capture: 00000CC9 
palette[65] rgb: 00000CC9 
bpp: 8 
Tileset: $12040000 base, 320 width, 32 height, 8 bpp, 1 tiles
paloffset: 0 
pxl[0,0] capture: 00000FFF 
palette[1] rgb: 00000FFF 
paloffset: 1 
pxl[0,0] capture: 00000111 
palette[17] rgb: 00000111 
paloffset: 4 
pxl[0,0] capture: 00000CC9 
palette[65] rgb: 00000CC9 
