Tileset: $12040000 base, 32 width, 32 height, 8 bpp, 8 tiles
1: 
Typecheck failed.
2: 
Assert failed!
3: 
Assert failed!
4: 
Assert failed!
5: 
Assert failed!
6: 
Assert failed!
7: 
sprite: 1 id, 5 x, 6 y, 32 w, 32 h, 1 flip, 2 z, $1 colmask
1 paloffset, 8 bpp, $12041C00 addr 7 tidx
