Tilemap: $12040000 base, 32 width, 32 height, 0 type
Tilemap: $12040000 base, 32 width, 32 height, 1 type
Tilemap: $12040000 base, 32 width, 32 height, 2 type
Tilemap: $12040000 base, 64 width, 64 height, 0 type
Tilemap: $12040000 base, 64 width, 64 height, 1 type
Tilemap: $12040000 base, 64 width, 64 height, 2 type
Tilemap: $12040000 base, 128 width, 128 height, 0 type
Tilemap: $12040000 base, 128 width, 128 height, 1 type
Tilemap: $12040000 base, 128 width, 128 height, 2 type
